// Jest Snapshot v1, https://goo.gl/fbAQLP

exports[`ThesaurisList render should match the snapshot 1`] = `
<div
  className="panel panel-default"
>
  <div
    className="panel-heading"
  >
    Thesauri
  </div>
  <div
    className="thesauri-list"
  >
    <table>
      <thead>
        <tr>
          <th
            className="nameCol"
            scope="col"
          />
          <th
            scope="col"
          />
          <th
            scope="col"
          />
        </tr>
      </thead>
      <tbody>
        <tr
          key="Continents"
        >
          <th
            scope="row"
          >
            <Connect(I18NLink)
              to="/settings/dictionaries/edit/thesaurusUnderscoreId1"
            >
              Continents
            </Connect(I18NLink)>
          </th>
          <td />
          <td>
            <div>
              <Connect(I18NLink)
                className="btn btn-default btn-xs"
                to="/settings/dictionaries/edit/thesaurusUnderscoreId1"
              >
                <Connect(Icon)
                  icon="pencil-alt"
                />
                 
                <span>
                  Edit
                </span>
              </Connect(I18NLink)>
                
              <button
                className="btn btn-danger btn-xs template-remove"
                onClick={[Function]}
                type="button"
              >
                <Connect(Icon)
                  icon="trash-alt"
                />
                 
                <span>
                  Delete
                </span>
              </button>
            </div>
          </td>
        </tr>
        <tr
          key="Issues"
        >
          <th
            scope="row"
          >
            <Connect(I18NLink)
              to="/settings/dictionaries/edit/thesaurusUnderscoreId2"
            >
              Issues
            </Connect(I18NLink)>
          </th>
          <td>
            <div
              className="thesauri-list vertical-line"
            >
              <span
                className="thesaurus-suggestion-count"
              >
                3
                 
                documents to be reviewed
              </span>
              <Connect(I18NLink)
                className="btn btn-primary btn-xs"
                to="/settings/dictionaries/cockpit/thesaurusUnderscoreId2"
              >
                <Connect(Icon)
                  icon="search"
                />
                 
                <span>
                  View Suggestions
                </span>
              </Connect(I18NLink)>
            </div>
          </td>
          <td>
            <div>
              <Connect(I18NLink)
                className="btn btn-default btn-xs"
                to="/settings/dictionaries/edit/thesaurusUnderscoreId2"
              >
                <Connect(Icon)
                  icon="pencil-alt"
                />
                 
                <span>
                  Edit
                </span>
              </Connect(I18NLink)>
                
              <button
                className="btn btn-danger btn-xs template-remove"
                onClick={[Function]}
                type="button"
              >
                <Connect(Icon)
                  icon="trash-alt"
                />
                 
                <span>
                  Delete
                </span>
              </button>
            </div>
          </td>
        </tr>
      </tbody>
    </table>
  </div>
  <div
    className="settings-footer"
  >
    <Connect(I18NLink)
      className="btn btn-success"
      to="/settings/dictionaries/new"
    >
      <Connect(Icon)
        icon="plus"
      />
      <span
        className="btn-label"
      >
        Add thesaurus
      </span>
    </Connect(I18NLink)>
  </div>
</div>
`;
