// Jest Snapshot v1, https://goo.gl/fbAQLP

exports[`search multiselect aggregations allAggregations should return all aggregations 1`] = `
Array [
  "meta",
  "doc_count",
  "groupedDictionary",
  "nestedField_nested",
  "select1",
  "_types",
  "multiselect1",
  "nested2",
  "nested1",
]
`;
