// Jest Snapshot v1, https://goo.gl/fbAQLP

exports[`Settings requestState should get the current user, and metadata 1`] = `
Array [
  Object {
    "type": "auth/user/SET",
    "value": Object {
      "name": "doe",
    },
  },
  Object {
    "type": "dictionaries/SET",
    "value": Array [
      Object {
        "_id": 1,
        "model_available": false,
        "name": "Countries",
      },
    ],
  },
  Object {
    "type": "thesauri/models/SET",
    "value": Array [
      Array [],
    ],
  },
  Object {
    "type": "relationTypes/SET",
    "value": Array [
      Object {
        "_id": 1,
        "name": "Supports",
      },
    ],
  },
  Object {
    "type": "translations/SET",
    "value": Array [
      Object {
        "_id": 1,
        "locale": "es",
        "values": Object {},
      },
    ],
  },
  Object {
    "type": "settings/collection/SET",
    "value": Object {
      "siteName": "BatCave",
    },
  },
]
`;
