// Jest Snapshot v1, https://goo.gl/fbAQLP

exports[`NewTemplate static requestState() should request the thesauri and templates to fit in the state 1`] = `
Array [
  Object {
    "model": "template.data",
    "type": "rrf/reset",
  },
  Object {
    "type": "thesauris/SET",
    "value": Array [
      Object {
        "label": "1",
      },
      Object {
        "label": "2",
      },
    ],
  },
  Object {
    "type": "templates/SET",
    "value": Array [
      Object {
        "name": "Comic",
      },
      Object {
        "name": "Newspaper",
      },
    ],
  },
  Object {
    "type": "relationTypes/SET",
    "value": Array [
      Object {
        "name": "Friend",
      },
      Object {
        "name": "Family",
      },
    ],
  },
]
`;
